{"level":"error","message":"500 Cannot set property query of #<IncomingMessage> which has only a getter | GET / | IP:::1","timestamp":"2026-03-09 20:33:06"}
{"level":"error","message":"500 Cannot set property query of #<IncomingMessage> which has only a getter | GET /favicon.ico | IP:::1","timestamp":"2026-03-09 20:33:06"}
{"level":"error","message":"500 Cannot set property query of #<IncomingMessage> which has only a getter | GET /index.html | IP:::1","timestamp":"2026-03-09 20:34:03"}
{"level":"error","message":"500 Cannot set property query of #<IncomingMessage> which has only a getter | GET /favicon.ico | IP:::1","timestamp":"2026-03-09 20:34:03"}
{"level":"error","message":"500 Cannot set property query of #<IncomingMessage> which has only a getter | GET /index.html | IP:::1","timestamp":"2026-03-09 20:37:16"}
{"level":"error","message":"500 Cannot set property query of #<IncomingMessage> which has only a getter | GET /favicon.ico | IP:::1","timestamp":"2026-03-09 20:37:16"}
{"level":"error","message":"500 Cannot set property query of #<IncomingMessage> which has only a getter | GET /index.html | IP:::1","timestamp":"2026-03-09 20:39:55"}
{"level":"error","message":"500 Cannot set property query of #<IncomingMessage> which has only a getter | GET /favicon.ico | IP:::1","timestamp":"2026-03-09 20:39:55"}
{"level":"error","message":"500 Cannot set property query of #<IncomingMessage> which has only a getter | GET /index.html | IP:::1","timestamp":"2026-03-09 20:39:57"}
{"level":"error","message":"500 Cannot set property query of #<IncomingMessage> which has only a getter | GET /favicon.ico | IP:::1","timestamp":"2026-03-09 20:39:57"}
{"level":"error","message":"500 next is not a function | POST /api/auth/register | IP:::1","timestamp":"2026-03-10 00:09:13"}
{"level":"error","message":"500 next is not a function | POST /api/auth/register | IP:::1","timestamp":"2026-03-10 00:13:27"}
{"level":"error","message":"500 next is not a function | POST /api/auth/register | IP:::1","timestamp":"2026-03-10 18:47:24"}
{"level":"error","message":"500 next is not a function | POST /api/auth/register | IP:::1","timestamp":"2026-03-10 18:49:52"}
{"level":"error","message":"500 next is not a function | POST /api/auth/register | IP:::1","timestamp":"2026-03-10 18:54:18"}
{"level":"error","message":"500 next is not a function | POST /api/auth/register | IP:::1","timestamp":"2026-03-10 19:29:05"}
{"level":"error","message":"500 next is not a function | POST /api/auth/register | IP:::1","timestamp":"2026-03-10 19:32:56"}
{"level":"error","message":"500 next is not a function | POST /api/auth/register | IP:::1","timestamp":"2026-03-10 19:35:37"}
{"level":"error","message":"500 next is not a function | POST /api/auth/register | IP:::1","timestamp":"2026-03-10 19:41:40"}
{"level":"error","message":"500 next is not a function | POST /api/auth/register | IP:::1","timestamp":"2026-03-10 19:46:09"}
{"level":"error","message":"❌ MongoDB connection failed: Could not connect to any servers in your MongoDB Atlas cluster. One common reason is that you're trying to access the database from an IP that isn't whitelisted. Make sure your current IP address is on your Atlas cluster's IP whitelist: https://www.mongodb.com/docs/atlas/security-whitelist/","timestamp":"2026-03-12 11:31:26"}
{"level":"error","message":"❌ MongoDB connection failed: Could not connect to any servers in your MongoDB Atlas cluster. One common reason is that you're trying to access the database from an IP that isn't whitelisted. Make sure your current IP address is on your Atlas cluster's IP whitelist: https://www.mongodb.com/docs/atlas/security-whitelist/","timestamp":"2026-03-14 20:13:16"}
